gplink-1.4.0 #1107 (Apr  3 2018)
Copyright (c) 1998-2014 gputils project
Listing File Generated: 8-29-2022  16:35:36
 
 
Address  Value    Disassembly              Source
-------  -----    -----------              ------
                                           ;--------------------------------------------------------
                                           ; File Created by SDCC : free open source ANSI-C Compiler
                                           ; Version 4.0.0 #11528 (Linux)
                                           ;--------------------------------------------------------
                                           ; PIC port for the 14-bit core
                                           ;--------------------------------------------------------
                                           ;	.file	"bingo.c"
                                           	list	p=12f675
                                           	radix dec
                                           	include "p12f675.inc"
                                                   LIST
                                           
                                           ;==========================================================================
                                           ; Build date : Aug 07 2014
                                           ;  MPASM PIC12F675 processor include
                                           ; 
                                           ;  (c) Copyright 1999-2014 Microchip Technology, All rights reserved
                                           ;==========================================================================
                                           
                                                   NOLIST
                                           ;--------------------------------------------------------
                                           ; config word(s)
                                           ;--------------------------------------------------------
002007   3fd7     addlw   0xd7             	__config 0x3fd7
                                           ;--------------------------------------------------------
                                           ; external declarations
                                           ;--------------------------------------------------------
                                           	extern	_ANSEL
                                           	extern	_VRCON
                                           	extern	_TRISIO
                                           	extern	_CMCON
                                           	extern	_GPIO
                                           	extern	_GPIObits
                                           	extern	__sdcc_gsinit_startup
                                           ;--------------------------------------------------------
                                           ; global declarations
                                           ;--------------------------------------------------------
                                           	global	_main
                                           	global	_delay
                                           	global	_desplegar_numero
                                           	global	_desplegar_prolongado
                                           
                                           	global PSAVE
                                           	global SSAVE
                                           	global WSAVE
                                           	global STK12
                                           	global STK11
                                           	global STK10
                                           	global STK09
                                           	global STK08
                                           	global STK07
                                           	global STK06
                                           	global STK05
                                           	global STK04
                                           	global STK03
                                           	global STK02
                                           	global STK01
                                           	global STK00
                                           
                                           sharebank udata_ovr 0x0020
                                           PSAVE	res 1
                                           SSAVE	res 1
                                           WSAVE	res 1
                                           STK12	res 1
                                           STK11	res 1
                                           STK10	res 1
                                           STK09	res 1
                                           STK08	res 1
                                           STK07	res 1
                                           STK06	res 1
                                           STK05	res 1
                                           STK04	res 1
                                           STK03	res 1
                                           STK02	res 1
                                           STK01	res 1
                                           STK00	res 1
                                           
                                           ;--------------------------------------------------------
                                           ; global definitions
                                           ;--------------------------------------------------------
                                           ;--------------------------------------------------------
                                           ; absolute symbol definitions
                                           ;--------------------------------------------------------
                                           ;--------------------------------------------------------
                                           ; compiler-defined variables
                                           ;--------------------------------------------------------
                                           UDL_bingo_0	udata
                                           r0x1012	res	1
                                           r0x1013	res	1
                                           r0x1014	res	1
                                           r0x1015	res	1
                                           r0x1016	res	1
                                           r0x1017	res	1
                                           r0x1018	res	1
                                           r0x1019	res	1
                                           r0x101A	res	1
                                           r0x101B	res	1
                                           r0x101C	res	1
                                           r0x101D	res	1
                                           r0x101E	res	1
                                           r0x101F	res	1
                                           r0x1001	res	1
                                           r0x1000	res	1
                                           r0x1002	res	1
                                           r0x1003	res	1
                                           r0x1004	res	1
                                           r0x1005	res	1
                                           r0x1006	res	1
                                           r0x1007	res	1
                                           r0x1009	res	1
                                           r0x1008	res	1
                                           r0x100B	res	1
                                           r0x100A	res	1
                                           r0x100D	res	1
                                           r0x100C	res	1
                                           r0x100E	res	1
                                           r0x100F	res	1
                                           r0x1010	res	1
                                           r0x1011	res	1
                                           ;--------------------------------------------------------
                                           ; initialized data
                                           ;--------------------------------------------------------
                                           ;--------------------------------------------------------
                                           ; initialized absolute data
                                           ;--------------------------------------------------------
                                           ;--------------------------------------------------------
                                           ; overlayable items in internal ram 
                                           ;--------------------------------------------------------
                                           ;	udata_ovr
                                           ;--------------------------------------------------------
                                           ; reset vector 
                                           ;--------------------------------------------------------
                                           STARTUP	code 0x0000
000000   0000     nop                      	nop
                                           	pagesel __sdcc_gsinit_startup
000001   29a8     goto    0x01a8           	goto	__sdcc_gsinit_startup
                                           ;--------------------------------------------------------
                                           ; code
                                           ;--------------------------------------------------------
                                           code_bingo	code
                                           ;***
                                           ;  pBlock Stats: dbName = M
                                           ;***
                                           ;has an exit
                                           ;functions called:
                                           ;   _desplegar_numero
                                           ;   _delay
                                           ;   _desplegar_numero
                                           ;   _delay
                                           ;   _desplegar_prolongado
                                           ;   _desplegar_prolongado
                                           ;   _desplegar_prolongado
                                           ;   _desplegar_prolongado
                                           ;   _desplegar_prolongado
                                           ;   _desplegar_prolongado
                                           ;   _desplegar_prolongado
                                           ;   _desplegar_prolongado
                                           ;   _desplegar_numero
                                           ;   _delay
                                           ;   _desplegar_numero
                                           ;   _delay
                                           ;   _desplegar_prolongado
                                           ;   _desplegar_prolongado
                                           ;   _desplegar_prolongado
                                           ;   _desplegar_prolongado
                                           ;   _desplegar_prolongado
                                           ;   _desplegar_prolongado
                                           ;   _desplegar_prolongado
                                           ;   _desplegar_prolongado
                                           ;19 compiler assigned registers:
                                           ;   r0x1012
                                           ;   r0x1013
                                           ;   r0x1014
                                           ;   r0x1015
                                           ;   r0x1016
                                           ;   r0x1017
                                           ;   r0x1018
                                           ;   r0x1019
                                           ;   r0x101A
                                           ;   r0x101B
                                           ;   r0x101C
                                           ;   r0x101D
                                           ;   r0x101E
                                           ;   STK02
                                           ;   STK01
                                           ;   STK00
                                           ;   r0x101F
                                           ;   STK04
                                           ;   STK03
                                           ;; Starting pCode block
                                           S_bingo__main	code
                                           _main:
                                           ; 2 exit points
                                           ;	.line	26; "bingo.c"	ANSEL  = 0x00;   //Se poenen los puertos como digitales, no analogicos
000002   1683     bsf     0x03, 0x5        	BANKSEL	_ANSEL
000003   019f     clrf    0x1f             	CLRF	_ANSEL
                                           ;	.line	27; "bingo.c"	CMCON  = 0x07;   // Deshabilita el comparador 
000004   3007     movlw   0x07             	MOVLW	0x07
000005   1283     bcf     0x03, 0x5        	BANKSEL	_CMCON
000006   0099     movwf   0x19             	MOVWF	_CMCON
                                           ;	.line	28; "bingo.c"	VRCON  = 0x00;   //Se quita le referencia de tension
000007   1683     bsf     0x03, 0x5        	BANKSEL	_VRCON
000008   0199     clrf    0x19             	CLRF	_VRCON
                                           ;	.line	29; "bingo.c"	TRISIO = 0b00001000; //Se ponen los pines como salidas. Solo el GP3 es entrada por defecto
000009   3008     movlw   0x08             	MOVLW	0x08
00000a   0085     movwf   0x05             	MOVWF	_TRISIO
                                           ;	.line	30; "bingo.c"	GPIO = 0x00; //Poner pines en bajo
00000b   1283     bcf     0x03, 0x5        	BANKSEL	_GPIO
00000c   0185     clrf    0x05             	CLRF	_GPIO
                                           ;	.line	33; "bingo.c"	unsigned int numero_0 = 10;//Valor por defecto, por lo que se despliega "A" en pantalla del display 0.
00000d   300a     movlw   0x0a             	MOVLW	0x0a
00000e   00b0     movwf   0x30             	MOVWF	r0x1012
00000f   01b1     clrf    0x31             	CLRF	r0x1013
                                           ;	.line	34; "bingo.c"	unsigned int numero_1 = 10;//Valor por defecto, por lo que se despliega "A" en pantalla del display 1.
000010   300a     movlw   0x0a             	MOVLW	0x0a
000011   00b2     movwf   0x32             	MOVWF	r0x1014
000012   01b3     clrf    0x33             	CLRF	r0x1015
                                           ;	.line	35; "bingo.c"	unsigned int contador = 0; //Contador para llevar cuenta de numeros mostrados
000013   01b4     clrf    0x34             	CLRF	r0x1016
000014   01b5     clrf    0x35             	CLRF	r0x1017
                                           ;	.line	36; "bingo.c"	unsigned int random = 0; //Variable para generar numero aleatorio
000015   01b6     clrf    0x36             	CLRF	r0x1018
000016   01b7     clrf    0x37             	CLRF	r0x1019
                                           ;	.line	37; "bingo.c"	unsigned int random2 = 0;//Variable para generar numero aleatorio
000017   01b8     clrf    0x38             	CLRF	r0x101A
000018   01b9     clrf    0x39             	CLRF	r0x101B
                                           ;	.line	38; "bingo.c"	unsigned int sumar = 0; //Variable para determinar si se incrementa el contador
000019   01ba     clrf    0x3a             	CLRF	r0x101C
00001a   01bb     clrf    0x3b             	CLRF	r0x101D
                                           _00118_DS_:
                                           ;	.line	45; "bingo.c"	random +=1; 
00001b   0ab6     incf    0x36, 0x1        	INCF	r0x1018,F
00001c   1903     btfsc   0x03, 0x2        	BTFSC	STATUS,2
00001d   0ab7     incf    0x37, 0x1        	INCF	r0x1019,F
                                           ;	.line	46; "bingo.c"	random2 +=1;
00001e   0ab8     incf    0x38, 0x1        	INCF	r0x101A,F
00001f   1903     btfsc   0x03, 0x2        	BTFSC	STATUS,2
000020   0ab9     incf    0x39, 0x1        	INCF	r0x101B,F
                                           ;	.line	48; "bingo.c"	if ( Boton == 1) //Si el boton no esta presionado (configuracion pull-up)
000021   01bc     clrf    0x3c             	CLRF	r0x101E
000022   1283     bcf     0x03, 0x5        	BANKSEL	_GPIObits
000023   1985     btfsc   0x05, 0x3        	BTFSC	_GPIObits,3
000024   0abc     incf    0x3c, 0x1        	INCF	r0x101E,F
000025   083c     movf    0x3c, 0x0        	MOVF	r0x101E,W
000026   3a01     xorlw   0x01             	XORLW	0x01
000027   1d03     btfss   0x03, 0x2        	BTFSS	STATUS,2
000028   2852     goto    0x0052           	GOTO	_00106_DS_
                                           ;	.line	51; "bingo.c"	sumar = 1;
000029   3001     movlw   0x01             	MOVLW	0x01
00002a   00ba     movwf   0x3a             	MOVWF	r0x101C
00002b   01bb     clrf    0x3b             	CLRF	r0x101D
                                           ;	.line	53; "bingo.c"	desplegar_numero(numero_0,0);
00002c   3000     movlw   0x00             	MOVLW	0x00
00002d   00ad     movwf   0x2d             	MOVWF	STK02
00002e   3000     movlw   0x00             	MOVLW	0x00
00002f   00ae     movwf   0x2e             	MOVWF	STK01
000030   0830     movf    0x30, 0x0        	MOVF	r0x1012,W
000031   00af     movwf   0x2f             	MOVWF	STK00
000032   0831     movf    0x31, 0x0        	MOVF	r0x1013,W
                                           	PAGESEL	_desplegar_numero
000033   20f5     call    0x00f5           	CALL	_desplegar_numero
                                           	PAGESEL	$
                                           ;	.line	54; "bingo.c"	random2 +=1;//Se incrementa otro contador
000034   3001     movlw   0x01             	MOVLW	0x01
000035   0738     addwf   0x38, 0x0        	ADDWF	r0x101A,W
000036   00bc     movwf   0x3c             	MOVWF	r0x101E
000037   01bd     clrf    0x3d             	CLRF	r0x101F
000038   0dbd     rlf     0x3d, 0x1        	RLF	r0x101F,F
000039   0839     movf    0x39, 0x0        	MOVF	r0x101B,W
00003a   07bd     addwf   0x3d, 0x1        	ADDWF	r0x101F,F
                                           ;	.line	55; "bingo.c"	delay(tiempo);
00003b   3001     movlw   0x01             	MOVLW	0x01
00003c   00af     movwf   0x2f             	MOVWF	STK00
00003d   3000     movlw   0x00             	MOVLW	0x00
                                           	PAGESEL	_delay
00003e   22ae     call    0x02ae           	CALL	_delay
                                           	PAGESEL	$
                                           ;	.line	56; "bingo.c"	desplegar_numero(numero_1,1);
00003f   3001     movlw   0x01             	MOVLW	0x01
000040   00ad     movwf   0x2d             	MOVWF	STK02
000041   3000     movlw   0x00             	MOVLW	0x00
000042   00ae     movwf   0x2e             	MOVWF	STK01
000043   0832     movf    0x32, 0x0        	MOVF	r0x1014,W
000044   00af     movwf   0x2f             	MOVWF	STK00
000045   0833     movf    0x33, 0x0        	MOVF	r0x1015,W
                                           	PAGESEL	_desplegar_numero
000046   20f5     call    0x00f5           	CALL	_desplegar_numero
                                           	PAGESEL	$
                                           ;	.line	57; "bingo.c"	random2 +=1; //Se vuelve a incrementar
000047   3001     movlw   0x01             	MOVLW	0x01
000048   073c     addwf   0x3c, 0x0        	ADDWF	r0x101E,W
000049   00b8     movwf   0x38             	MOVWF	r0x101A
00004a   01b9     clrf    0x39             	CLRF	r0x101B
00004b   0db9     rlf     0x39, 0x1        	RLF	r0x101B,F
00004c   083d     movf    0x3d, 0x0        	MOVF	r0x101F,W
00004d   07b9     addwf   0x39, 0x1        	ADDWF	r0x101B,F
                                           ;	.line	58; "bingo.c"	delay(tiempo);
00004e   3001     movlw   0x01             	MOVLW	0x01
00004f   00af     movwf   0x2f             	MOVWF	STK00
000050   3000     movlw   0x00             	MOVLW	0x00
                                           	PAGESEL	_delay
000051   22ae     call    0x02ae           	CALL	_delay
                                           	PAGESEL	$
                                           ;;unsigned compare: left < lit(0xA=10), size=2
                                           _00106_DS_:
                                           ;	.line	61; "bingo.c"	if (random >=10) //Si es mayor a 10
000052   3000     movlw   0x00             	MOVLW	0x00
000053   0237     subwf   0x37, 0x0        	SUBWF	r0x1019,W
000054   1d03     btfss   0x03, 0x2        	BTFSS	STATUS,2
000055   2858     goto    0x0058           	GOTO	_00157_DS_
000056   300a     movlw   0x0a             	MOVLW	0x0a
000057   0236     subwf   0x36, 0x0        	SUBWF	r0x1018,W
                                           _00157_DS_:
000058   1c03     btfss   0x03, 0x0        	BTFSS	STATUS,0
000059   285c     goto    0x005c           	GOTO	_00108_DS_
                                           ;;genSkipc:3307: created from rifx:0x7ffc683d69e0
                                           ;	.line	63; "bingo.c"	random = 0; //Vuelve a ser 0.
00005a   01b6     clrf    0x36             	CLRF	r0x1018
00005b   01b7     clrf    0x37             	CLRF	r0x1019
                                           ;;unsigned compare: left < lit(0xA=10), size=2
                                           _00108_DS_:
                                           ;	.line	66; "bingo.c"	if (random2 >=10) //Si es mayor a 10
00005c   3000     movlw   0x00             	MOVLW	0x00
00005d   0239     subwf   0x39, 0x0        	SUBWF	r0x101B,W
00005e   1d03     btfss   0x03, 0x2        	BTFSS	STATUS,2
00005f   2862     goto    0x0062           	GOTO	_00158_DS_
000060   300a     movlw   0x0a             	MOVLW	0x0a
000061   0238     subwf   0x38, 0x0        	SUBWF	r0x101A,W
                                           _00158_DS_:
000062   1c03     btfss   0x03, 0x0        	BTFSS	STATUS,0
000063   2866     goto    0x0066           	GOTO	_00110_DS_
                                           ;;genSkipc:3307: created from rifx:0x7ffc683d69e0
                                           ;	.line	68; "bingo.c"	random2 = 0;//Vuelve a ser 0.
000064   01b8     clrf    0x38             	CLRF	r0x101A
000065   01b9     clrf    0x39             	CLRF	r0x101B
                                           _00110_DS_:
                                           ;	.line	72; "bingo.c"	if ( Boton != 1){//Si el boton se presiona
000066   01bc     clrf    0x3c             	CLRF	r0x101E
000067   1283     bcf     0x03, 0x5        	BANKSEL	_GPIObits
000068   1985     btfsc   0x05, 0x3        	BTFSC	_GPIObits,3
000069   0abc     incf    0x3c, 0x1        	INCF	r0x101E,F
00006a   083c     movf    0x3c, 0x0        	MOVF	r0x101E,W
                                           ;	.line	73; "bingo.c"	if (sumar ==1)//Si sumar es 1
00006b   3a01     xorlw   0x01             	XORLW	0x01
00006c   1903     btfsc   0x03, 0x2        	BTFSC	STATUS,2
00006d   2883     goto    0x0083           	GOTO	_00114_DS_
00006e   083a     movf    0x3a, 0x0        	MOVF	r0x101C,W
00006f   3a01     xorlw   0x01             	XORLW	0x01
000070   1d03     btfss   0x03, 0x2        	BTFSS	STATUS,2
000071   287b     goto    0x007b           	GOTO	_00112_DS_
000072   083b     movf    0x3b, 0x0        	MOVF	r0x101D,W
000073   3a00     xorlw   0x00             	XORLW	0x00
000074   1d03     btfss   0x03, 0x2        	BTFSS	STATUS,2
000075   287b     goto    0x007b           	GOTO	_00112_DS_
                                           ;	.line	75; "bingo.c"	contador +=1;//Se incrementa el contador
000076   0ab4     incf    0x34, 0x1        	INCF	r0x1016,F
000077   1903     btfsc   0x03, 0x2        	BTFSC	STATUS,2
000078   0ab5     incf    0x35, 0x1        	INCF	r0x1017,F
                                           ;	.line	76; "bingo.c"	sumar = 0;//Vuelve a su estado inicial
000079   01ba     clrf    0x3a             	CLRF	r0x101C
00007a   01bb     clrf    0x3b             	CLRF	r0x101D
                                           _00112_DS_:
                                           ;	.line	78; "bingo.c"	numero_1 = (unsigned int)(random);//Se asigna un numero aleatorio para desplegar en el display 1
00007b   0836     movf    0x36, 0x0        	MOVF	r0x1018,W
00007c   00b2     movwf   0x32             	MOVWF	r0x1014
00007d   0837     movf    0x37, 0x0        	MOVF	r0x1019,W
00007e   00b3     movwf   0x33             	MOVWF	r0x1015
                                           ;	.line	79; "bingo.c"	numero_0 = (unsigned int)(random2);//Se asigna el otro numero aleatorio para desplegar en el display 0
00007f   0838     movf    0x38, 0x0        	MOVF	r0x101A,W
000080   00b0     movwf   0x30             	MOVWF	r0x1012
000081   0839     movf    0x39, 0x0        	MOVF	r0x101B,W
000082   00b1     movwf   0x31             	MOVWF	r0x1013
                                           _00114_DS_:
                                           ;	.line	82; "bingo.c"	if (contador == 17){//Si ya se mostraron 16 numeros distintos
000083   0834     movf    0x34, 0x0        	MOVF	r0x1016,W
000084   3a11     xorlw   0x11             	XORLW	0x11
000085   1d03     btfss   0x03, 0x2        	BTFSS	STATUS,2
000086   281b     goto    0x001b           	GOTO	_00118_DS_
000087   0835     movf    0x35, 0x0        	MOVF	r0x1017,W
000088   3a00     xorlw   0x00             	XORLW	0x00
000089   1d03     btfss   0x03, 0x2        	BTFSS	STATUS,2
00008a   281b     goto    0x001b           	GOTO	_00118_DS_
                                           ;	.line	84; "bingo.c"	desplegar_prolongado(9,tiempo,70);
00008b   3046     movlw   0x46             	MOVLW	0x46
00008c   00ab     movwf   0x2b             	MOVWF	STK04
00008d   3000     movlw   0x00             	MOVLW	0x00
00008e   00ac     movwf   0x2c             	MOVWF	STK03
00008f   3001     movlw   0x01             	MOVLW	0x01
000090   00ad     movwf   0x2d             	MOVWF	STK02
000091   3000     movlw   0x00             	MOVLW	0x00
000092   00ae     movwf   0x2e             	MOVWF	STK01
000093   3009     movlw   0x09             	MOVLW	0x09
000094   00af     movwf   0x2f             	MOVWF	STK00
000095   3000     movlw   0x00             	MOVLW	0x00
                                           	PAGESEL	_desplegar_prolongado
000096   2244     call    0x0244           	CALL	_desplegar_prolongado
                                           	PAGESEL	$
                                           ;	.line	85; "bingo.c"	desplegar_prolongado(16,tiempo,50);
000097   3032     movlw   0x32             	MOVLW	0x32
000098   00ab     movwf   0x2b             	MOVWF	STK04
000099   3000     movlw   0x00             	MOVLW	0x00
00009a   00ac     movwf   0x2c             	MOVWF	STK03
00009b   3001     movlw   0x01             	MOVLW	0x01
00009c   00ad     movwf   0x2d             	MOVWF	STK02
00009d   3000     movlw   0x00             	MOVLW	0x00
00009e   00ae     movwf   0x2e             	MOVWF	STK01
00009f   3010     movlw   0x10             	MOVLW	0x10
0000a0   00af     movwf   0x2f             	MOVWF	STK00
0000a1   3000     movlw   0x00             	MOVLW	0x00
                                           	PAGESEL	_desplegar_prolongado
0000a2   2244     call    0x0244           	CALL	_desplegar_prolongado
                                           	PAGESEL	$
                                           ;	.line	86; "bingo.c"	desplegar_prolongado(9,tiempo,70);
0000a3   3046     movlw   0x46             	MOVLW	0x46
0000a4   00ab     movwf   0x2b             	MOVWF	STK04
0000a5   3000     movlw   0x00             	MOVLW	0x00
0000a6   00ac     movwf   0x2c             	MOVWF	STK03
0000a7   3001     movlw   0x01             	MOVLW	0x01
0000a8   00ad     movwf   0x2d             	MOVWF	STK02
0000a9   3000     movlw   0x00             	MOVLW	0x00
0000aa   00ae     movwf   0x2e             	MOVWF	STK01
0000ab   3009     movlw   0x09             	MOVLW	0x09
0000ac   00af     movwf   0x2f             	MOVWF	STK00
0000ad   3000     movlw   0x00             	MOVLW	0x00
                                           	PAGESEL	_desplegar_prolongado
0000ae   2244     call    0x0244           	CALL	_desplegar_prolongado
                                           	PAGESEL	$
                                           ;	.line	87; "bingo.c"	desplegar_prolongado(16,tiempo,50);
0000af   3032     movlw   0x32             	MOVLW	0x32
0000b0   00ab     movwf   0x2b             	MOVWF	STK04
0000b1   3000     movlw   0x00             	MOVLW	0x00
0000b2   00ac     movwf   0x2c             	MOVWF	STK03
0000b3   3001     movlw   0x01             	MOVLW	0x01
0000b4   00ad     movwf   0x2d             	MOVWF	STK02
0000b5   3000     movlw   0x00             	MOVLW	0x00
0000b6   00ae     movwf   0x2e             	MOVWF	STK01
0000b7   3010     movlw   0x10             	MOVLW	0x10
0000b8   00af     movwf   0x2f             	MOVWF	STK00
0000b9   3000     movlw   0x00             	MOVLW	0x00
                                           	PAGESEL	_desplegar_prolongado
0000ba   2244     call    0x0244           	CALL	_desplegar_prolongado
                                           	PAGESEL	$
                                           ;	.line	88; "bingo.c"	desplegar_prolongado(9,tiempo,70);
0000bb   3046     movlw   0x46             	MOVLW	0x46
0000bc   00ab     movwf   0x2b             	MOVWF	STK04
0000bd   3000     movlw   0x00             	MOVLW	0x00
0000be   00ac     movwf   0x2c             	MOVWF	STK03
0000bf   3001     movlw   0x01             	MOVLW	0x01
0000c0   00ad     movwf   0x2d             	MOVWF	STK02
0000c1   3000     movlw   0x00             	MOVLW	0x00
0000c2   00ae     movwf   0x2e             	MOVWF	STK01
0000c3   3009     movlw   0x09             	MOVLW	0x09
0000c4   00af     movwf   0x2f             	MOVWF	STK00
0000c5   3000     movlw   0x00             	MOVLW	0x00
                                           	PAGESEL	_desplegar_prolongado
0000c6   2244     call    0x0244           	CALL	_desplegar_prolongado
                                           	PAGESEL	$
                                           ;	.line	89; "bingo.c"	desplegar_prolongado(16,tiempo,50);
0000c7   3032     movlw   0x32             	MOVLW	0x32
0000c8   00ab     movwf   0x2b             	MOVWF	STK04
0000c9   3000     movlw   0x00             	MOVLW	0x00
0000ca   00ac     movwf   0x2c             	MOVWF	STK03
0000cb   3001     movlw   0x01             	MOVLW	0x01
0000cc   00ad     movwf   0x2d             	MOVWF	STK02
0000cd   3000     movlw   0x00             	MOVLW	0x00
0000ce   00ae     movwf   0x2e             	MOVWF	STK01
0000cf   3010     movlw   0x10             	MOVLW	0x10
0000d0   00af     movwf   0x2f             	MOVWF	STK00
0000d1   3000     movlw   0x00             	MOVLW	0x00
                                           	PAGESEL	_desplegar_prolongado
0000d2   2244     call    0x0244           	CALL	_desplegar_prolongado
                                           	PAGESEL	$
                                           ;	.line	90; "bingo.c"	desplegar_prolongado(9,tiempo,70);
0000d3   3046     movlw   0x46             	MOVLW	0x46
0000d4   00ab     movwf   0x2b             	MOVWF	STK04
0000d5   3000     movlw   0x00             	MOVLW	0x00
0000d6   00ac     movwf   0x2c             	MOVWF	STK03
0000d7   3001     movlw   0x01             	MOVLW	0x01
0000d8   00ad     movwf   0x2d             	MOVWF	STK02
0000d9   3000     movlw   0x00             	MOVLW	0x00
0000da   00ae     movwf   0x2e             	MOVWF	STK01
0000db   3009     movlw   0x09             	MOVLW	0x09
0000dc   00af     movwf   0x2f             	MOVWF	STK00
0000dd   3000     movlw   0x00             	MOVLW	0x00
                                           	PAGESEL	_desplegar_prolongado
0000de   2244     call    0x0244           	CALL	_desplegar_prolongado
                                           	PAGESEL	$
                                           ;	.line	91; "bingo.c"	desplegar_prolongado(16,tiempo,50);
0000df   3032     movlw   0x32             	MOVLW	0x32
0000e0   00ab     movwf   0x2b             	MOVWF	STK04
0000e1   3000     movlw   0x00             	MOVLW	0x00
0000e2   00ac     movwf   0x2c             	MOVWF	STK03
0000e3   3001     movlw   0x01             	MOVLW	0x01
0000e4   00ad     movwf   0x2d             	MOVWF	STK02
0000e5   3000     movlw   0x00             	MOVLW	0x00
0000e6   00ae     movwf   0x2e             	MOVWF	STK01
0000e7   3010     movlw   0x10             	MOVLW	0x10
0000e8   00af     movwf   0x2f             	MOVWF	STK00
0000e9   3000     movlw   0x00             	MOVLW	0x00
                                           	PAGESEL	_desplegar_prolongado
0000ea   2244     call    0x0244           	CALL	_desplegar_prolongado
                                           	PAGESEL	$
                                           ;	.line	93; "bingo.c"	numero_0 = 10;
0000eb   300a     movlw   0x0a             	MOVLW	0x0a
0000ec   00b0     movwf   0x30             	MOVWF	r0x1012
0000ed   01b1     clrf    0x31             	CLRF	r0x1013
                                           ;	.line	94; "bingo.c"	numero_1 = 10;
0000ee   300a     movlw   0x0a             	MOVLW	0x0a
0000ef   00b2     movwf   0x32             	MOVWF	r0x1014
0000f0   01b3     clrf    0x33             	CLRF	r0x1015
                                           ;	.line	95; "bingo.c"	contador = 0;//Se reinicia el contador
0000f1   01b4     clrf    0x34             	CLRF	r0x1016
0000f2   01b5     clrf    0x35             	CLRF	r0x1017
0000f3   281b     goto    0x001b           	GOTO	_00118_DS_
                                           ;	.line	100; "bingo.c"	}
0000f4   0008     return                   	RETURN	
                                           ; exit point of _main
                                           
                                           ;***
                                           ;  pBlock Stats: dbName = C
                                           ;***
                                           ;has an exit
                                           ;functions called:
                                           ;   _desplegar_numero
                                           ;   _delay
                                           ;   _desplegar_numero
                                           ;   _delay
                                           ;   _desplegar_numero
                                           ;   _delay
                                           ;   _desplegar_numero
                                           ;   _delay
                                           ;15 compiler assigned registers:
                                           ;   r0x1008
                                           ;   STK00
                                           ;   r0x1009
                                           ;   STK01
                                           ;   r0x100A
                                           ;   STK02
                                           ;   r0x100B
                                           ;   STK03
                                           ;   r0x100C
                                           ;   STK04
                                           ;   r0x100D
                                           ;   r0x100E
                                           ;   r0x100F
                                           ;   r0x1010
                                           ;   r0x1011
                                           ;; Starting pCode block
                                           S_bingo__desplegar_prolongado	code
                                           _desplegar_prolongado:
                                           ; 2 exit points
                                           ;	.line	216; "bingo.c"	void desplegar_prolongado (unsigned int numero, unsigned int tiempo, unsigned int i){
000244   00c7     movwf   0x47             	MOVWF	r0x1008
000245   082f     movf    0x2f, 0x0        	MOVF	STK00,W
000246   00c6     movwf   0x46             	MOVWF	r0x1009
000247   082e     movf    0x2e, 0x0        	MOVF	STK01,W
000248   00c9     movwf   0x49             	MOVWF	r0x100A
000249   082d     movf    0x2d, 0x0        	MOVF	STK02,W
00024a   00c8     movwf   0x48             	MOVWF	r0x100B
00024b   082c     movf    0x2c, 0x0        	MOVF	STK03,W
00024c   00cb     movwf   0x4b             	MOVWF	r0x100C
00024d   082b     movf    0x2b, 0x0        	MOVF	STK04,W
00024e   00ca     movwf   0x4a             	MOVWF	r0x100D
                                           ;	.line	217; "bingo.c"	for (int j = 0; j < i; j++)
00024f   01cc     clrf    0x4c             	CLRF	r0x100E
000250   01cd     clrf    0x4d             	CLRF	r0x100F
                                           _00238_DS_:
000251   084c     movf    0x4c, 0x0        	MOVF	r0x100E,W
000252   00ce     movwf   0x4e             	MOVWF	r0x1010
000253   084d     movf    0x4d, 0x0        	MOVF	r0x100F,W
000254   00cf     movwf   0x4f             	MOVWF	r0x1011
000255   084b     movf    0x4b, 0x0        	MOVF	r0x100C,W
000256   024f     subwf   0x4f, 0x0        	SUBWF	r0x1011,W
000257   1d03     btfss   0x03, 0x2        	BTFSS	STATUS,2
000258   2a5b     goto    0x025b           	GOTO	_00251_DS_
000259   084a     movf    0x4a, 0x0        	MOVF	r0x100D,W
00025a   024e     subwf   0x4e, 0x0        	SUBWF	r0x1010,W
                                           _00251_DS_:
00025b   1803     btfsc   0x03, 0x0        	BTFSC	STATUS,0
00025c   2a79     goto    0x0279           	GOTO	_00240_DS_
                                           ;;genSkipc:3307: created from rifx:0x7ffc683d69e0
                                           ;	.line	220; "bingo.c"	desplegar_numero(numero,0);
00025d   3000     movlw   0x00             	MOVLW	0x00
00025e   00ad     movwf   0x2d             	MOVWF	STK02
00025f   3000     movlw   0x00             	MOVLW	0x00
000260   00ae     movwf   0x2e             	MOVWF	STK01
000261   0846     movf    0x46, 0x0        	MOVF	r0x1009,W
000262   00af     movwf   0x2f             	MOVWF	STK00
000263   0847     movf    0x47, 0x0        	MOVF	r0x1008,W
                                           	PAGESEL	_desplegar_numero
000264   20f5     call    0x00f5           	CALL	_desplegar_numero
                                           	PAGESEL	$
                                           ;	.line	221; "bingo.c"	delay(tiempo);
000265   0848     movf    0x48, 0x0        	MOVF	r0x100B,W
000266   00af     movwf   0x2f             	MOVWF	STK00
000267   0849     movf    0x49, 0x0        	MOVF	r0x100A,W
                                           	PAGESEL	_delay
000268   22ae     call    0x02ae           	CALL	_delay
                                           	PAGESEL	$
                                           ;	.line	222; "bingo.c"	desplegar_numero(numero,1);
000269   3001     movlw   0x01             	MOVLW	0x01
00026a   00ad     movwf   0x2d             	MOVWF	STK02
00026b   3000     movlw   0x00             	MOVLW	0x00
00026c   00ae     movwf   0x2e             	MOVWF	STK01
00026d   0846     movf    0x46, 0x0        	MOVF	r0x1009,W
00026e   00af     movwf   0x2f             	MOVWF	STK00
00026f   0847     movf    0x47, 0x0        	MOVF	r0x1008,W
                                           	PAGESEL	_desplegar_numero
000270   20f5     call    0x00f5           	CALL	_desplegar_numero
                                           	PAGESEL	$
                                           ;	.line	223; "bingo.c"	delay(tiempo);
000271   0848     movf    0x48, 0x0        	MOVF	r0x100B,W
000272   00af     movwf   0x2f             	MOVWF	STK00
000273   0849     movf    0x49, 0x0        	MOVF	r0x100A,W
                                           	PAGESEL	_delay
000274   22ae     call    0x02ae           	CALL	_delay
                                           	PAGESEL	$
                                           ;	.line	217; "bingo.c"	for (int j = 0; j < i; j++)
000275   0acc     incf    0x4c, 0x1        	INCF	r0x100E,F
000276   1903     btfsc   0x03, 0x2        	BTFSC	STATUS,2
000277   0acd     incf    0x4d, 0x1        	INCF	r0x100F,F
000278   2a51     goto    0x0251           	GOTO	_00238_DS_
                                           _00240_DS_:
                                           ;	.line	226; "bingo.c"	}
000279   0008     return                   	RETURN	
                                           ; exit point of _desplegar_prolongado
                                           
                                           ;***
                                           ;  pBlock Stats: dbName = C
                                           ;***
                                           ;has an exit
                                           ;8 compiler assigned registers:
                                           ;   r0x1000
                                           ;   STK00
                                           ;   r0x1001
                                           ;   STK01
                                           ;   r0x1002
                                           ;   STK02
                                           ;   r0x1003
                                           ;   r0x1004
                                           ;; Starting pCode block
                                           S_bingo__desplegar_numero	code
                                           _desplegar_numero:
                                           ; 2 exit points
                                           ;	.line	112; "bingo.c"	void desplegar_numero (unsigned int numero, unsigned int display)
0000f5   00bf     movwf   0x3f             	MOVWF	r0x1000
0000f6   082f     movf    0x2f, 0x0        	MOVF	STK00,W
0000f7   00be     movwf   0x3e             	MOVWF	r0x1001
0000f8   082e     movf    0x2e, 0x0        	MOVF	STK01,W
                                           ;;1	MOVWF	r0x1002
0000f9   082d     movf    0x2d, 0x0        	MOVF	STK02,W
                                           ;;1	MOVWF	r0x1003
                                           ;	.line	114; "bingo.c"	GP5 = display; //Se asigna el display en el que se desplegará el número
0000fa   00c2     movwf   0x42             	MOVWF	r0x1004
0000fb   0c42     rrf     0x42, 0x0        	RRF	r0x1004,W
0000fc   1803     btfsc   0x03, 0x0        	BTFSC	STATUS,0
0000fd   2900     goto    0x0100           	GOTO	_00001_DS_
0000fe   1283     bcf     0x03, 0x5        	BANKSEL	_GPIObits
0000ff   1285     bcf     0x05, 0x5        	BCF	_GPIObits,5
                                           _00001_DS_:
000100   1c03     btfss   0x03, 0x0        	BTFSS	STATUS,0
000101   2904     goto    0x0104           	GOTO	_00002_DS_
000102   1283     bcf     0x03, 0x5        	BANKSEL	_GPIObits
000103   1685     bsf     0x05, 0x5        	BSF	_GPIObits,5
                                           _00002_DS_:
                                           ;	.line	117; "bingo.c"	if (numero == 0)
000104   083f     movf    0x3f, 0x0        	MOVF	r0x1000,W
000105   043e     iorwf   0x3e, 0x0        	IORWF	r0x1001,W
000106   1d03     btfss   0x03, 0x2        	BTFSS	STATUS,2
000107   290e     goto    0x010e           	GOTO	_00229_DS_
                                           ;	.line	119; "bingo.c"	GP0 = 0;
000108   1283     bcf     0x03, 0x5        	BANKSEL	_GPIObits
000109   1005     bcf     0x05, 0x0        	BCF	_GPIObits,0
                                           ;	.line	120; "bingo.c"	GP1 = 0;
00010a   1085     bcf     0x05, 0x1        	BCF	_GPIObits,1
                                           ;	.line	121; "bingo.c"	GP2 = 0;
00010b   1105     bcf     0x05, 0x2        	BCF	_GPIObits,2
                                           ;	.line	122; "bingo.c"	GP4 = 0;
00010c   1205     bcf     0x05, 0x4        	BCF	_GPIObits,4
00010d   29a7     goto    0x01a7           	GOTO	_00231_DS_
                                           _00229_DS_:
                                           ;	.line	125; "bingo.c"	else if (numero == 1)
00010e   083e     movf    0x3e, 0x0        	MOVF	r0x1001,W
00010f   3a01     xorlw   0x01             	XORLW	0x01
000110   1d03     btfss   0x03, 0x2        	BTFSS	STATUS,2
000111   291c     goto    0x011c           	GOTO	_00226_DS_
000112   083f     movf    0x3f, 0x0        	MOVF	r0x1000,W
000113   3a00     xorlw   0x00             	XORLW	0x00
000114   1d03     btfss   0x03, 0x2        	BTFSS	STATUS,2
000115   291c     goto    0x011c           	GOTO	_00226_DS_
                                           ;	.line	127; "bingo.c"	GP0 = 1;
000116   1283     bcf     0x03, 0x5        	BANKSEL	_GPIObits
000117   1405     bsf     0x05, 0x0        	BSF	_GPIObits,0
                                           ;	.line	128; "bingo.c"	GP1 = 0;
000118   1085     bcf     0x05, 0x1        	BCF	_GPIObits,1
                                           ;	.line	129; "bingo.c"	GP2 = 0;
000119   1105     bcf     0x05, 0x2        	BCF	_GPIObits,2
                                           ;	.line	130; "bingo.c"	GP4 = 0;
00011a   1205     bcf     0x05, 0x4        	BCF	_GPIObits,4
00011b   29a7     goto    0x01a7           	GOTO	_00231_DS_
                                           _00226_DS_:
                                           ;	.line	133; "bingo.c"	else if (numero == 2)
00011c   083e     movf    0x3e, 0x0        	MOVF	r0x1001,W
00011d   3a02     xorlw   0x02             	XORLW	0x02
00011e   1d03     btfss   0x03, 0x2        	BTFSS	STATUS,2
00011f   292a     goto    0x012a           	GOTO	_00223_DS_
000120   083f     movf    0x3f, 0x0        	MOVF	r0x1000,W
000121   3a00     xorlw   0x00             	XORLW	0x00
000122   1d03     btfss   0x03, 0x2        	BTFSS	STATUS,2
000123   292a     goto    0x012a           	GOTO	_00223_DS_
                                           ;	.line	135; "bingo.c"	GP0 = 0;
000124   1283     bcf     0x03, 0x5        	BANKSEL	_GPIObits
000125   1005     bcf     0x05, 0x0        	BCF	_GPIObits,0
                                           ;	.line	136; "bingo.c"	GP1 = 1;
000126   1485     bsf     0x05, 0x1        	BSF	_GPIObits,1
                                           ;	.line	137; "bingo.c"	GP2 = 0;
000127   1105     bcf     0x05, 0x2        	BCF	_GPIObits,2
                                           ;	.line	138; "bingo.c"	GP4 = 0;
000128   1205     bcf     0x05, 0x4        	BCF	_GPIObits,4
000129   29a7     goto    0x01a7           	GOTO	_00231_DS_
                                           _00223_DS_:
                                           ;	.line	141; "bingo.c"	else if (numero == 3)
00012a   083e     movf    0x3e, 0x0        	MOVF	r0x1001,W
00012b   3a03     xorlw   0x03             	XORLW	0x03
00012c   1d03     btfss   0x03, 0x2        	BTFSS	STATUS,2
00012d   2938     goto    0x0138           	GOTO	_00220_DS_
00012e   083f     movf    0x3f, 0x0        	MOVF	r0x1000,W
00012f   3a00     xorlw   0x00             	XORLW	0x00
000130   1d03     btfss   0x03, 0x2        	BTFSS	STATUS,2
000131   2938     goto    0x0138           	GOTO	_00220_DS_
                                           ;	.line	143; "bingo.c"	GP0 = 1;
000132   1283     bcf     0x03, 0x5        	BANKSEL	_GPIObits
000133   1405     bsf     0x05, 0x0        	BSF	_GPIObits,0
                                           ;	.line	144; "bingo.c"	GP1 = 1;
000134   1485     bsf     0x05, 0x1        	BSF	_GPIObits,1
                                           ;	.line	145; "bingo.c"	GP2 = 0;
000135   1105     bcf     0x05, 0x2        	BCF	_GPIObits,2
                                           ;	.line	146; "bingo.c"	GP4 = 0;
000136   1205     bcf     0x05, 0x4        	BCF	_GPIObits,4
000137   29a7     goto    0x01a7           	GOTO	_00231_DS_
                                           _00220_DS_:
                                           ;	.line	149; "bingo.c"	else if (numero == 4)
000138   083e     movf    0x3e, 0x0        	MOVF	r0x1001,W
000139   3a04     xorlw   0x04             	XORLW	0x04
00013a   1d03     btfss   0x03, 0x2        	BTFSS	STATUS,2
00013b   2946     goto    0x0146           	GOTO	_00217_DS_
00013c   083f     movf    0x3f, 0x0        	MOVF	r0x1000,W
00013d   3a00     xorlw   0x00             	XORLW	0x00
00013e   1d03     btfss   0x03, 0x2        	BTFSS	STATUS,2
00013f   2946     goto    0x0146           	GOTO	_00217_DS_
                                           ;	.line	151; "bingo.c"	GP0 = 0;
000140   1283     bcf     0x03, 0x5        	BANKSEL	_GPIObits
000141   1005     bcf     0x05, 0x0        	BCF	_GPIObits,0
                                           ;	.line	152; "bingo.c"	GP1 = 0;
000142   1085     bcf     0x05, 0x1        	BCF	_GPIObits,1
                                           ;	.line	153; "bingo.c"	GP2 = 1;
000143   1505     bsf     0x05, 0x2        	BSF	_GPIObits,2
                                           ;	.line	154; "bingo.c"	GP4 = 0;
000144   1205     bcf     0x05, 0x4        	BCF	_GPIObits,4
000145   29a7     goto    0x01a7           	GOTO	_00231_DS_
                                           _00217_DS_:
                                           ;	.line	157; "bingo.c"	else if (numero == 5)
000146   083e     movf    0x3e, 0x0        	MOVF	r0x1001,W
000147   3a05     xorlw   0x05             	XORLW	0x05
000148   1d03     btfss   0x03, 0x2        	BTFSS	STATUS,2
000149   2954     goto    0x0154           	GOTO	_00214_DS_
00014a   083f     movf    0x3f, 0x0        	MOVF	r0x1000,W
00014b   3a00     xorlw   0x00             	XORLW	0x00
00014c   1d03     btfss   0x03, 0x2        	BTFSS	STATUS,2
00014d   2954     goto    0x0154           	GOTO	_00214_DS_
                                           ;	.line	159; "bingo.c"	GP0 = 1;
00014e   1283     bcf     0x03, 0x5        	BANKSEL	_GPIObits
00014f   1405     bsf     0x05, 0x0        	BSF	_GPIObits,0
                                           ;	.line	160; "bingo.c"	GP1 = 0;
000150   1085     bcf     0x05, 0x1        	BCF	_GPIObits,1
                                           ;	.line	161; "bingo.c"	GP2 = 1;
000151   1505     bsf     0x05, 0x2        	BSF	_GPIObits,2
                                           ;	.line	162; "bingo.c"	GP4 = 0;
000152   1205     bcf     0x05, 0x4        	BCF	_GPIObits,4
000153   29a7     goto    0x01a7           	GOTO	_00231_DS_
                                           _00214_DS_:
                                           ;	.line	165; "bingo.c"	else if (numero == 6)
000154   083e     movf    0x3e, 0x0        	MOVF	r0x1001,W
000155   3a06     xorlw   0x06             	XORLW	0x06
000156   1d03     btfss   0x03, 0x2        	BTFSS	STATUS,2
000157   2962     goto    0x0162           	GOTO	_00211_DS_
000158   083f     movf    0x3f, 0x0        	MOVF	r0x1000,W
000159   3a00     xorlw   0x00             	XORLW	0x00
00015a   1d03     btfss   0x03, 0x2        	BTFSS	STATUS,2
00015b   2962     goto    0x0162           	GOTO	_00211_DS_
                                           ;	.line	167; "bingo.c"	GP0 = 0;
00015c   1283     bcf     0x03, 0x5        	BANKSEL	_GPIObits
00015d   1005     bcf     0x05, 0x0        	BCF	_GPIObits,0
                                           ;	.line	168; "bingo.c"	GP1 = 1;
00015e   1485     bsf     0x05, 0x1        	BSF	_GPIObits,1
                                           ;	.line	169; "bingo.c"	GP2 = 1;
00015f   1505     bsf     0x05, 0x2        	BSF	_GPIObits,2
                                           ;	.line	170; "bingo.c"	GP4 = 0;
000160   1205     bcf     0x05, 0x4        	BCF	_GPIObits,4
000161   29a7     goto    0x01a7           	GOTO	_00231_DS_
                                           _00211_DS_:
                                           ;	.line	173; "bingo.c"	else if (numero == 7)
000162   083e     movf    0x3e, 0x0        	MOVF	r0x1001,W
000163   3a07     xorlw   0x07             	XORLW	0x07
000164   1d03     btfss   0x03, 0x2        	BTFSS	STATUS,2
000165   2970     goto    0x0170           	GOTO	_00208_DS_
000166   083f     movf    0x3f, 0x0        	MOVF	r0x1000,W
000167   3a00     xorlw   0x00             	XORLW	0x00
000168   1d03     btfss   0x03, 0x2        	BTFSS	STATUS,2
000169   2970     goto    0x0170           	GOTO	_00208_DS_
                                           ;	.line	175; "bingo.c"	GP0 = 1;
00016a   1283     bcf     0x03, 0x5        	BANKSEL	_GPIObits
00016b   1405     bsf     0x05, 0x0        	BSF	_GPIObits,0
                                           ;	.line	176; "bingo.c"	GP1 = 1;
00016c   1485     bsf     0x05, 0x1        	BSF	_GPIObits,1
                                           ;	.line	177; "bingo.c"	GP2 = 1;
00016d   1505     bsf     0x05, 0x2        	BSF	_GPIObits,2
                                           ;	.line	178; "bingo.c"	GP4 = 0;
00016e   1205     bcf     0x05, 0x4        	BCF	_GPIObits,4
00016f   29a7     goto    0x01a7           	GOTO	_00231_DS_
                                           _00208_DS_:
                                           ;	.line	181; "bingo.c"	else if (numero == 8)
000170   083e     movf    0x3e, 0x0        	MOVF	r0x1001,W
000171   3a08     xorlw   0x08             	XORLW	0x08
000172   1d03     btfss   0x03, 0x2        	BTFSS	STATUS,2
000173   297e     goto    0x017e           	GOTO	_00205_DS_
000174   083f     movf    0x3f, 0x0        	MOVF	r0x1000,W
000175   3a00     xorlw   0x00             	XORLW	0x00
000176   1d03     btfss   0x03, 0x2        	BTFSS	STATUS,2
000177   297e     goto    0x017e           	GOTO	_00205_DS_
                                           ;	.line	183; "bingo.c"	GP0 = 0;
000178   1283     bcf     0x03, 0x5        	BANKSEL	_GPIObits
000179   1005     bcf     0x05, 0x0        	BCF	_GPIObits,0
                                           ;	.line	184; "bingo.c"	GP1 = 0;
00017a   1085     bcf     0x05, 0x1        	BCF	_GPIObits,1
                                           ;	.line	185; "bingo.c"	GP2 = 0;
00017b   1105     bcf     0x05, 0x2        	BCF	_GPIObits,2
                                           ;	.line	186; "bingo.c"	GP4 = 1;
00017c   1605     bsf     0x05, 0x4        	BSF	_GPIObits,4
00017d   29a7     goto    0x01a7           	GOTO	_00231_DS_
                                           _00205_DS_:
                                           ;	.line	189; "bingo.c"	else if (numero == 9)
00017e   083e     movf    0x3e, 0x0        	MOVF	r0x1001,W
00017f   3a09     xorlw   0x09             	XORLW	0x09
000180   1d03     btfss   0x03, 0x2        	BTFSS	STATUS,2
000181   298c     goto    0x018c           	GOTO	_00202_DS_
000182   083f     movf    0x3f, 0x0        	MOVF	r0x1000,W
000183   3a00     xorlw   0x00             	XORLW	0x00
000184   1d03     btfss   0x03, 0x2        	BTFSS	STATUS,2
000185   298c     goto    0x018c           	GOTO	_00202_DS_
                                           ;	.line	191; "bingo.c"	GP0 = 1;
000186   1283     bcf     0x03, 0x5        	BANKSEL	_GPIObits
000187   1405     bsf     0x05, 0x0        	BSF	_GPIObits,0
                                           ;	.line	192; "bingo.c"	GP1 = 0;
000188   1085     bcf     0x05, 0x1        	BCF	_GPIObits,1
                                           ;	.line	193; "bingo.c"	GP2 = 0;
000189   1105     bcf     0x05, 0x2        	BCF	_GPIObits,2
                                           ;	.line	194; "bingo.c"	GP4 = 1;
00018a   1605     bsf     0x05, 0x4        	BSF	_GPIObits,4
00018b   29a7     goto    0x01a7           	GOTO	_00231_DS_
                                           _00202_DS_:
                                           ;	.line	198; "bingo.c"	else if (numero == 10)//Imprimir A
00018c   083e     movf    0x3e, 0x0        	MOVF	r0x1001,W
00018d   3a0a     xorlw   0x0a             	XORLW	0x0a
00018e   1d03     btfss   0x03, 0x2        	BTFSS	STATUS,2
00018f   299a     goto    0x019a           	GOTO	_00199_DS_
000190   083f     movf    0x3f, 0x0        	MOVF	r0x1000,W
000191   3a00     xorlw   0x00             	XORLW	0x00
000192   1d03     btfss   0x03, 0x2        	BTFSS	STATUS,2
000193   299a     goto    0x019a           	GOTO	_00199_DS_
                                           ;	.line	200; "bingo.c"	GP0 = 0;
000194   1283     bcf     0x03, 0x5        	BANKSEL	_GPIObits
000195   1005     bcf     0x05, 0x0        	BCF	_GPIObits,0
                                           ;	.line	201; "bingo.c"	GP1 = 1;
000196   1485     bsf     0x05, 0x1        	BSF	_GPIObits,1
                                           ;	.line	202; "bingo.c"	GP2 = 0;
000197   1105     bcf     0x05, 0x2        	BCF	_GPIObits,2
                                           ;	.line	203; "bingo.c"	GP4 = 1;
000198   1605     bsf     0x05, 0x4        	BSF	_GPIObits,4
000199   29a7     goto    0x01a7           	GOTO	_00231_DS_
                                           _00199_DS_:
                                           ;	.line	206; "bingo.c"	else if (numero == 16)//Apagar la pantalla (activa compuerta AND)
00019a   083e     movf    0x3e, 0x0        	MOVF	r0x1001,W
00019b   3a10     xorlw   0x10             	XORLW	0x10
00019c   1d03     btfss   0x03, 0x2        	BTFSS	STATUS,2
00019d   29a7     goto    0x01a7           	GOTO	_00231_DS_
00019e   083f     movf    0x3f, 0x0        	MOVF	r0x1000,W
00019f   3a00     xorlw   0x00             	XORLW	0x00
0001a0   1d03     btfss   0x03, 0x2        	BTFSS	STATUS,2
0001a1   29a7     goto    0x01a7           	GOTO	_00231_DS_
                                           ;	.line	208; "bingo.c"	GP0 = 0;
0001a2   1283     bcf     0x03, 0x5        	BANKSEL	_GPIObits
0001a3   1005     bcf     0x05, 0x0        	BCF	_GPIObits,0
                                           ;	.line	209; "bingo.c"	GP1 = 1;
0001a4   1485     bsf     0x05, 0x1        	BSF	_GPIObits,1
                                           ;	.line	210; "bingo.c"	GP2 = 1;
0001a5   1505     bsf     0x05, 0x2        	BSF	_GPIObits,2
                                           ;	.line	211; "bingo.c"	GP4 = 1;
0001a6   1605     bsf     0x05, 0x4        	BSF	_GPIObits,4
                                           _00231_DS_:
                                           ;	.line	213; "bingo.c"	}
0001a7   0008     return                   	RETURN	
                                           ; exit point of _desplegar_numero
                                           
                                           ;***
                                           ;  pBlock Stats: dbName = C
                                           ;***
                                           ;has an exit
                                           ;9 compiler assigned registers:
                                           ;   r0x1000
                                           ;   STK00
                                           ;   r0x1001
                                           ;   r0x1002
                                           ;   r0x1003
                                           ;   r0x1004
                                           ;   r0x1005
                                           ;   r0x1006
                                           ;   r0x1007
                                           ;; Starting pCode block
                                           S_bingo__delay	code
                                           _delay:
                                           ; 2 exit points
                                           ;	.line	103; "bingo.c"	void delay(unsigned int tiempo)
0002ae   00bf     movwf   0x3f             	MOVWF	r0x1000
0002af   082f     movf    0x2f, 0x0        	MOVF	STK00,W
0002b0   00be     movwf   0x3e             	MOVWF	r0x1001
                                           ;	.line	107; "bingo.c"	for(i=0;i<tiempo;i++)
0002b1   01c0     clrf    0x40             	CLRF	r0x1002
0002b2   01c1     clrf    0x41             	CLRF	r0x1003
                                           _00170_DS_:
0002b3   083f     movf    0x3f, 0x0        	MOVF	r0x1000,W
0002b4   0241     subwf   0x41, 0x0        	SUBWF	r0x1003,W
0002b5   1d03     btfss   0x03, 0x2        	BTFSS	STATUS,2
0002b6   2ab9     goto    0x02b9           	GOTO	_00191_DS_
0002b7   083e     movf    0x3e, 0x0        	MOVF	r0x1001,W
0002b8   0240     subwf   0x40, 0x0        	SUBWF	r0x1002,W
                                           _00191_DS_:
0002b9   1803     btfsc   0x03, 0x0        	BTFSC	STATUS,0
0002ba   2ad4     goto    0x02d4           	GOTO	_00172_DS_
                                           ;;genSkipc:3307: created from rifx:0x7ffc683d69e0
                                           ;	.line	108; "bingo.c"	for(j=0;j<1275;j++);
0002bb   30fb     movlw   0xfb             	MOVLW	0xfb
0002bc   00c2     movwf   0x42             	MOVWF	r0x1004
0002bd   3004     movlw   0x04             	MOVLW	0x04
0002be   00c3     movwf   0x43             	MOVWF	r0x1005
                                           _00168_DS_:
0002bf   30ff     movlw   0xff             	MOVLW	0xff
0002c0   0742     addwf   0x42, 0x0        	ADDWF	r0x1004,W
0002c1   00c4     movwf   0x44             	MOVWF	r0x1006
0002c2   30ff     movlw   0xff             	MOVLW	0xff
0002c3   00c5     movwf   0x45             	MOVWF	r0x1007
0002c4   0843     movf    0x43, 0x0        	MOVF	r0x1005,W
0002c5   1803     btfsc   0x03, 0x0        	BTFSC	STATUS,0
0002c6   0f43     incfsz  0x43, 0x0        	INCFSZ	r0x1005,W
0002c7   07c5     addwf   0x45, 0x1        	ADDWF	r0x1007,F
0002c8   0844     movf    0x44, 0x0        	MOVF	r0x1006,W
0002c9   00c2     movwf   0x42             	MOVWF	r0x1004
0002ca   0845     movf    0x45, 0x0        	MOVF	r0x1007,W
0002cb   00c3     movwf   0x43             	MOVWF	r0x1005
0002cc   0845     movf    0x45, 0x0        	MOVF	r0x1007,W
0002cd   0444     iorwf   0x44, 0x0        	IORWF	r0x1006,W
0002ce   1d03     btfss   0x03, 0x2        	BTFSS	STATUS,2
0002cf   2abf     goto    0x02bf           	GOTO	_00168_DS_
                                           ;	.line	107; "bingo.c"	for(i=0;i<tiempo;i++)
0002d0   0ac0     incf    0x40, 0x1        	INCF	r0x1002,F
0002d1   1903     btfsc   0x03, 0x2        	BTFSC	STATUS,2
0002d2   0ac1     incf    0x41, 0x1        	INCF	r0x1003,F
0002d3   2ab3     goto    0x02b3           	GOTO	_00170_DS_
                                           _00172_DS_:
                                           ;	.line	109; "bingo.c"	}
0002d4   0008     return                   	RETURN	
                                           ; exit point of _delay
                                           
                                           
                                           ;	code size estimation:
                                           ;	  495+   52 =   547 instructions ( 1198 byte)
                                           
                                           	end
