gplink-1.4.0 #1107 (Apr  3 2018)
Copyright (c) 1998-2014 gputils project
Listing File Generated: 8-27-2022  19:21:39
 
 
Address  Value    Disassembly              Source
-------  -----    -----------              ------
                                           ;--------------------------------------------------------
                                           ; File Created by SDCC : free open source ANSI-C Compiler
                                           ; Version 4.0.0 #11528 (Linux)
                                           ;--------------------------------------------------------
                                           ; PIC port for the 14-bit core
                                           ;--------------------------------------------------------
                                           ;	.file	"bingo.c"
                                           	list	p=12f675
                                           	radix dec
                                           	include "p12f675.inc"
                                                   LIST
                                           
                                           ;==========================================================================
                                           ; Build date : Aug 07 2014
                                           ;  MPASM PIC12F675 processor include
                                           ; 
                                           ;  (c) Copyright 1999-2014 Microchip Technology, All rights reserved
                                           ;==========================================================================
                                           
                                                   NOLIST
                                           ;--------------------------------------------------------
                                           ; config word(s)
                                           ;--------------------------------------------------------
002007   3fd7     addlw   0xd7             	__config 0x3fd7
                                           ;--------------------------------------------------------
                                           ; external declarations
                                           ;--------------------------------------------------------
                                           	extern	_ANSEL
                                           	extern	_VRCON
                                           	extern	_TRISIO
                                           	extern	_CMCON
                                           	extern	_GPIO
                                           	extern	_GPIObits
                                           	extern	__sdcc_gsinit_startup
                                           ;--------------------------------------------------------
                                           ; global declarations
                                           ;--------------------------------------------------------
                                           	global	_main
                                           	global	_delay
                                           	global	_desplegar_numero
                                           
                                           	global PSAVE
                                           	global SSAVE
                                           	global WSAVE
                                           	global STK12
                                           	global STK11
                                           	global STK10
                                           	global STK09
                                           	global STK08
                                           	global STK07
                                           	global STK06
                                           	global STK05
                                           	global STK04
                                           	global STK03
                                           	global STK02
                                           	global STK01
                                           	global STK00
                                           
                                           sharebank udata_ovr 0x0020
                                           PSAVE	res 1
                                           SSAVE	res 1
                                           WSAVE	res 1
                                           STK12	res 1
                                           STK11	res 1
                                           STK10	res 1
                                           STK09	res 1
                                           STK08	res 1
                                           STK07	res 1
                                           STK06	res 1
                                           STK05	res 1
                                           STK04	res 1
                                           STK03	res 1
                                           STK02	res 1
                                           STK01	res 1
                                           STK00	res 1
                                           
                                           ;--------------------------------------------------------
                                           ; global definitions
                                           ;--------------------------------------------------------
                                           ;--------------------------------------------------------
                                           ; absolute symbol definitions
                                           ;--------------------------------------------------------
                                           ;--------------------------------------------------------
                                           ; compiler-defined variables
                                           ;--------------------------------------------------------
                                           UDL_bingo_0	udata
                                           r0x100D	res	1
                                           r0x100E	res	1
                                           r0x100F	res	1
                                           r0x1010	res	1
                                           r0x1011	res	1
                                           r0x1006	res	1
                                           r0x1005	res	1
                                           r0x1007	res	1
                                           r0x1008	res	1
                                           r0x1009	res	1
                                           r0x100A	res	1
                                           r0x100B	res	1
                                           r0x100C	res	1
                                           r0x1001	res	1
                                           r0x1000	res	1
                                           r0x1004	res	1
                                           ;--------------------------------------------------------
                                           ; initialized data
                                           ;--------------------------------------------------------
                                           ;--------------------------------------------------------
                                           ; initialized absolute data
                                           ;--------------------------------------------------------
                                           ;--------------------------------------------------------
                                           ; overlayable items in internal ram 
                                           ;--------------------------------------------------------
                                           ;	udata_ovr
                                           ;--------------------------------------------------------
                                           ; reset vector 
                                           ;--------------------------------------------------------
                                           STARTUP	code 0x0000
000000   0000     nop                      	nop
                                           	pagesel __sdcc_gsinit_startup
000001   289f     goto    0x009f           	goto	__sdcc_gsinit_startup
                                           ;--------------------------------------------------------
                                           ; code
                                           ;--------------------------------------------------------
                                           code_bingo	code
                                           ;***
                                           ;  pBlock Stats: dbName = M
                                           ;***
                                           ;has an exit
                                           ;functions called:
                                           ;   _desplegar_numero
                                           ;   _delay
                                           ;   _desplegar_numero
                                           ;   _delay
                                           ;   _desplegar_numero
                                           ;   _delay
                                           ;   _desplegar_numero
                                           ;   _delay
                                           ;8 compiler assigned registers:
                                           ;   r0x100D
                                           ;   r0x100E
                                           ;   r0x100F
                                           ;   r0x1010
                                           ;   r0x1011
                                           ;   STK02
                                           ;   STK01
                                           ;   STK00
                                           ;; Starting pCode block
                                           S_bingo__main	code
                                           _main:
                                           ; 2 exit points
                                           ;	.line	25; "bingo.c"	ANSEL  = 0x00;   //Se poenen los puertos como digitales, no analogicos
00013b   1683     bsf     0x03, 0x5        	BANKSEL	_ANSEL
00013c   019f     clrf    0x1f             	CLRF	_ANSEL
                                           ;	.line	26; "bingo.c"	CMCON  = 0x07;   // Deshabilita el comparador 
00013d   3007     movlw   0x07             	MOVLW	0x07
00013e   1283     bcf     0x03, 0x5        	BANKSEL	_CMCON
00013f   0099     movwf   0x19             	MOVWF	_CMCON
                                           ;	.line	27; "bingo.c"	VRCON  = 0x00;   //Se quita le referencia de tension
000140   1683     bsf     0x03, 0x5        	BANKSEL	_VRCON
000141   0199     clrf    0x19             	CLRF	_VRCON
                                           ;	.line	28; "bingo.c"	TRISIO = 0b00001000; //Se ponen los pines como salidas. Solo el GP3 es entrada por defecto
000142   3008     movlw   0x08             	MOVLW	0x08
000143   0085     movwf   0x05             	MOVWF	_TRISIO
                                           ;	.line	29; "bingo.c"	GPIO = 0x00; //Poner pines en bajo
000144   1283     bcf     0x03, 0x5        	BANKSEL	_GPIO
000145   0185     clrf    0x05             	CLRF	_GPIO
                                           ;	.line	32; "bingo.c"	unsigned int numero_0 = 15;//Valor por defecto, por lo que se despliega "F" en pantalla del display 0.
000146   300f     movlw   0x0f             	MOVLW	0x0f
000147   00b0     movwf   0x30             	MOVWF	r0x100D
000148   01b1     clrf    0x31             	CLRF	r0x100E
                                           ;	.line	33; "bingo.c"	unsigned int numero_1 = 15;//Valor por defecto, por lo que se despliega "F" en pantalla del display 1.
000149   300f     movlw   0x0f             	MOVLW	0x0f
00014a   00b2     movwf   0x32             	MOVWF	r0x100F
00014b   01b3     clrf    0x33             	CLRF	r0x1010
                                           _00110_DS_:
                                           ;	.line	41; "bingo.c"	if ( Boton == 1)
00014c   01b4     clrf    0x34             	CLRF	r0x1011
00014d   1283     bcf     0x03, 0x5        	BANKSEL	_GPIObits
00014e   1985     btfsc   0x05, 0x3        	BTFSC	_GPIObits,3
00014f   0ab4     incf    0x34, 0x1        	INCF	r0x1011,F
000150   0834     movf    0x34, 0x0        	MOVF	r0x1011,W
000151   3a01     xorlw   0x01             	XORLW	0x01
000152   1d03     btfss   0x03, 0x2        	BTFSS	STATUS,2
000153   296c     goto    0x016c           	GOTO	_00106_DS_
                                           ;	.line	44; "bingo.c"	desplegar_numero(numero_0,0);
000154   3000     movlw   0x00             	MOVLW	0x00
000155   00ad     movwf   0x2d             	MOVWF	STK02
000156   3000     movlw   0x00             	MOVLW	0x00
000157   00ae     movwf   0x2e             	MOVWF	STK01
000158   0830     movf    0x30, 0x0        	MOVF	r0x100D,W
000159   00af     movwf   0x2f             	MOVWF	STK00
00015a   0831     movf    0x31, 0x0        	MOVF	r0x100E,W
                                           	PAGESEL	_desplegar_numero
00015b   2002     call    0x0002           	CALL	_desplegar_numero
                                           	PAGESEL	$
                                           ;	.line	45; "bingo.c"	delay(tiempo);
00015c   3001     movlw   0x01             	MOVLW	0x01
00015d   00af     movwf   0x2f             	MOVWF	STK00
00015e   3000     movlw   0x00             	MOVLW	0x00
                                           	PAGESEL	_delay
00015f   21b0     call    0x01b0           	CALL	_delay
                                           	PAGESEL	$
                                           ;	.line	46; "bingo.c"	desplegar_numero(numero_1,1);
000160   3001     movlw   0x01             	MOVLW	0x01
000161   00ad     movwf   0x2d             	MOVWF	STK02
000162   3000     movlw   0x00             	MOVLW	0x00
000163   00ae     movwf   0x2e             	MOVWF	STK01
000164   0832     movf    0x32, 0x0        	MOVF	r0x100F,W
000165   00af     movwf   0x2f             	MOVWF	STK00
000166   0833     movf    0x33, 0x0        	MOVF	r0x1010,W
                                           	PAGESEL	_desplegar_numero
000167   2002     call    0x0002           	CALL	_desplegar_numero
                                           	PAGESEL	$
                                           ;	.line	47; "bingo.c"	delay(tiempo);
000168   3001     movlw   0x01             	MOVLW	0x01
000169   00af     movwf   0x2f             	MOVWF	STK00
00016a   3000     movlw   0x00             	MOVLW	0x00
                                           	PAGESEL	_delay
00016b   21b0     call    0x01b0           	CALL	_delay
                                           	PAGESEL	$
                                           _00106_DS_:
                                           ;	.line	50; "bingo.c"	if ( Boton != 1){
00016c   01b4     clrf    0x34             	CLRF	r0x1011
00016d   1283     bcf     0x03, 0x5        	BANKSEL	_GPIObits
00016e   1985     btfsc   0x05, 0x3        	BTFSC	_GPIObits,3
00016f   0ab4     incf    0x34, 0x1        	INCF	r0x1011,F
000170   0834     movf    0x34, 0x0        	MOVF	r0x1011,W
                                           ;	.line	51; "bingo.c"	numero_0 = 2;
000171   3a01     xorlw   0x01             	XORLW	0x01
000172   1903     btfsc   0x03, 0x2        	BTFSC	STATUS,2
000173   294c     goto    0x014c           	GOTO	_00110_DS_
000174   3002     movlw   0x02             	MOVLW	0x02
000175   00b0     movwf   0x30             	MOVWF	r0x100D
000176   01b1     clrf    0x31             	CLRF	r0x100E
                                           ;	.line	52; "bingo.c"	numero_1 = 7;
000177   3007     movlw   0x07             	MOVLW	0x07
000178   00b2     movwf   0x32             	MOVWF	r0x100F
000179   01b3     clrf    0x33             	CLRF	r0x1010
00017a   294c     goto    0x014c           	GOTO	_00110_DS_
                                           ;	.line	57; "bingo.c"	}
00017b   0008     return                   	RETURN	
                                           ; exit point of _main
                                           
                                           ;***
                                           ;  pBlock Stats: dbName = C
                                           ;***
                                           ;has an exit
                                           ;8 compiler assigned registers:
                                           ;   r0x1000
                                           ;   STK00
                                           ;   r0x1001
                                           ;   STK01
                                           ;   r0x1002
                                           ;   STK02
                                           ;   r0x1003
                                           ;   r0x1004
                                           ;; Starting pCode block
                                           S_bingo__desplegar_numero	code
                                           _desplegar_numero:
                                           ; 2 exit points
                                           ;	.line	69; "bingo.c"	void desplegar_numero (unsigned int numero, unsigned int display)
000002   00be     movwf   0x3e             	MOVWF	r0x1000
000003   082f     movf    0x2f, 0x0        	MOVF	STK00,W
000004   00bd     movwf   0x3d             	MOVWF	r0x1001
000005   082e     movf    0x2e, 0x0        	MOVF	STK01,W
                                           ;;1	MOVWF	r0x1002
000006   082d     movf    0x2d, 0x0        	MOVF	STK02,W
                                           ;;1	MOVWF	r0x1003
                                           ;	.line	71; "bingo.c"	GP5 = display; //Se asigna el display en el que se desplegará el número
000007   00bf     movwf   0x3f             	MOVWF	r0x1004
000008   0c3f     rrf     0x3f, 0x0        	RRF	r0x1004,W
000009   1803     btfsc   0x03, 0x0        	BTFSC	STATUS,0
00000a   280d     goto    0x000d           	GOTO	_00001_DS_
00000b   1283     bcf     0x03, 0x5        	BANKSEL	_GPIObits
00000c   1285     bcf     0x05, 0x5        	BCF	_GPIObits,5
                                           _00001_DS_:
00000d   1c03     btfss   0x03, 0x0        	BTFSS	STATUS,0
00000e   2811     goto    0x0011           	GOTO	_00002_DS_
00000f   1283     bcf     0x03, 0x5        	BANKSEL	_GPIObits
000010   1685     bsf     0x05, 0x5        	BSF	_GPIObits,5
                                           _00002_DS_:
                                           ;	.line	74; "bingo.c"	if (numero == 0)
000011   083e     movf    0x3e, 0x0        	MOVF	r0x1000,W
000012   043d     iorwf   0x3d, 0x0        	IORWF	r0x1001,W
000013   1d03     btfss   0x03, 0x2        	BTFSS	STATUS,2
000014   281b     goto    0x001b           	GOTO	_00191_DS_
                                           ;	.line	76; "bingo.c"	GP0 = 0;
000015   1283     bcf     0x03, 0x5        	BANKSEL	_GPIObits
000016   1005     bcf     0x05, 0x0        	BCF	_GPIObits,0
                                           ;	.line	77; "bingo.c"	GP1 = 0;
000017   1085     bcf     0x05, 0x1        	BCF	_GPIObits,1
                                           ;	.line	78; "bingo.c"	GP2 = 0;
000018   1105     bcf     0x05, 0x2        	BCF	_GPIObits,2
                                           ;	.line	79; "bingo.c"	GP4 = 0;
000019   1205     bcf     0x05, 0x4        	BCF	_GPIObits,4
00001a   289e     goto    0x009e           	GOTO	_00193_DS_
                                           _00191_DS_:
                                           ;	.line	82; "bingo.c"	else if (numero == 1)
00001b   083d     movf    0x3d, 0x0        	MOVF	r0x1001,W
00001c   3a01     xorlw   0x01             	XORLW	0x01
00001d   1d03     btfss   0x03, 0x2        	BTFSS	STATUS,2
00001e   2829     goto    0x0029           	GOTO	_00188_DS_
00001f   083e     movf    0x3e, 0x0        	MOVF	r0x1000,W
000020   3a00     xorlw   0x00             	XORLW	0x00
000021   1d03     btfss   0x03, 0x2        	BTFSS	STATUS,2
000022   2829     goto    0x0029           	GOTO	_00188_DS_
                                           ;	.line	84; "bingo.c"	GP0 = 1;
000023   1283     bcf     0x03, 0x5        	BANKSEL	_GPIObits
000024   1405     bsf     0x05, 0x0        	BSF	_GPIObits,0
                                           ;	.line	85; "bingo.c"	GP1 = 0;
000025   1085     bcf     0x05, 0x1        	BCF	_GPIObits,1
                                           ;	.line	86; "bingo.c"	GP2 = 0;
000026   1105     bcf     0x05, 0x2        	BCF	_GPIObits,2
                                           ;	.line	87; "bingo.c"	GP4 = 0;
000027   1205     bcf     0x05, 0x4        	BCF	_GPIObits,4
000028   289e     goto    0x009e           	GOTO	_00193_DS_
                                           _00188_DS_:
                                           ;	.line	90; "bingo.c"	else if (numero == 2)
000029   083d     movf    0x3d, 0x0        	MOVF	r0x1001,W
00002a   3a02     xorlw   0x02             	XORLW	0x02
00002b   1d03     btfss   0x03, 0x2        	BTFSS	STATUS,2
00002c   2837     goto    0x0037           	GOTO	_00185_DS_
00002d   083e     movf    0x3e, 0x0        	MOVF	r0x1000,W
00002e   3a00     xorlw   0x00             	XORLW	0x00
00002f   1d03     btfss   0x03, 0x2        	BTFSS	STATUS,2
000030   2837     goto    0x0037           	GOTO	_00185_DS_
                                           ;	.line	92; "bingo.c"	GP0 = 0;
000031   1283     bcf     0x03, 0x5        	BANKSEL	_GPIObits
000032   1005     bcf     0x05, 0x0        	BCF	_GPIObits,0
                                           ;	.line	93; "bingo.c"	GP1 = 1;
000033   1485     bsf     0x05, 0x1        	BSF	_GPIObits,1
                                           ;	.line	94; "bingo.c"	GP2 = 0;
000034   1105     bcf     0x05, 0x2        	BCF	_GPIObits,2
                                           ;	.line	95; "bingo.c"	GP4 = 0;
000035   1205     bcf     0x05, 0x4        	BCF	_GPIObits,4
000036   289e     goto    0x009e           	GOTO	_00193_DS_
                                           _00185_DS_:
                                           ;	.line	98; "bingo.c"	else if (numero == 3)
000037   083d     movf    0x3d, 0x0        	MOVF	r0x1001,W
000038   3a03     xorlw   0x03             	XORLW	0x03
000039   1d03     btfss   0x03, 0x2        	BTFSS	STATUS,2
00003a   2845     goto    0x0045           	GOTO	_00182_DS_
00003b   083e     movf    0x3e, 0x0        	MOVF	r0x1000,W
00003c   3a00     xorlw   0x00             	XORLW	0x00
00003d   1d03     btfss   0x03, 0x2        	BTFSS	STATUS,2
00003e   2845     goto    0x0045           	GOTO	_00182_DS_
                                           ;	.line	100; "bingo.c"	GP0 = 1;
00003f   1283     bcf     0x03, 0x5        	BANKSEL	_GPIObits
000040   1405     bsf     0x05, 0x0        	BSF	_GPIObits,0
                                           ;	.line	101; "bingo.c"	GP1 = 1;
000041   1485     bsf     0x05, 0x1        	BSF	_GPIObits,1
                                           ;	.line	102; "bingo.c"	GP2 = 0;
000042   1105     bcf     0x05, 0x2        	BCF	_GPIObits,2
                                           ;	.line	103; "bingo.c"	GP4 = 0;
000043   1205     bcf     0x05, 0x4        	BCF	_GPIObits,4
000044   289e     goto    0x009e           	GOTO	_00193_DS_
                                           _00182_DS_:
                                           ;	.line	106; "bingo.c"	else if (numero == 4)
000045   083d     movf    0x3d, 0x0        	MOVF	r0x1001,W
000046   3a04     xorlw   0x04             	XORLW	0x04
000047   1d03     btfss   0x03, 0x2        	BTFSS	STATUS,2
000048   2853     goto    0x0053           	GOTO	_00179_DS_
000049   083e     movf    0x3e, 0x0        	MOVF	r0x1000,W
00004a   3a00     xorlw   0x00             	XORLW	0x00
00004b   1d03     btfss   0x03, 0x2        	BTFSS	STATUS,2
00004c   2853     goto    0x0053           	GOTO	_00179_DS_
                                           ;	.line	108; "bingo.c"	GP0 = 0;
00004d   1283     bcf     0x03, 0x5        	BANKSEL	_GPIObits
00004e   1005     bcf     0x05, 0x0        	BCF	_GPIObits,0
                                           ;	.line	109; "bingo.c"	GP1 = 0;
00004f   1085     bcf     0x05, 0x1        	BCF	_GPIObits,1
                                           ;	.line	110; "bingo.c"	GP2 = 1;
000050   1505     bsf     0x05, 0x2        	BSF	_GPIObits,2
                                           ;	.line	111; "bingo.c"	GP4 = 0;
000051   1205     bcf     0x05, 0x4        	BCF	_GPIObits,4
000052   289e     goto    0x009e           	GOTO	_00193_DS_
                                           _00179_DS_:
                                           ;	.line	114; "bingo.c"	else if (numero == 5)
000053   083d     movf    0x3d, 0x0        	MOVF	r0x1001,W
000054   3a05     xorlw   0x05             	XORLW	0x05
000055   1d03     btfss   0x03, 0x2        	BTFSS	STATUS,2
000056   2861     goto    0x0061           	GOTO	_00176_DS_
000057   083e     movf    0x3e, 0x0        	MOVF	r0x1000,W
000058   3a00     xorlw   0x00             	XORLW	0x00
000059   1d03     btfss   0x03, 0x2        	BTFSS	STATUS,2
00005a   2861     goto    0x0061           	GOTO	_00176_DS_
                                           ;	.line	116; "bingo.c"	GP0 = 1;
00005b   1283     bcf     0x03, 0x5        	BANKSEL	_GPIObits
00005c   1405     bsf     0x05, 0x0        	BSF	_GPIObits,0
                                           ;	.line	117; "bingo.c"	GP1 = 0;
00005d   1085     bcf     0x05, 0x1        	BCF	_GPIObits,1
                                           ;	.line	118; "bingo.c"	GP2 = 1;
00005e   1505     bsf     0x05, 0x2        	BSF	_GPIObits,2
                                           ;	.line	119; "bingo.c"	GP4 = 0;
00005f   1205     bcf     0x05, 0x4        	BCF	_GPIObits,4
000060   289e     goto    0x009e           	GOTO	_00193_DS_
                                           _00176_DS_:
                                           ;	.line	122; "bingo.c"	else if (numero == 6)
000061   083d     movf    0x3d, 0x0        	MOVF	r0x1001,W
000062   3a06     xorlw   0x06             	XORLW	0x06
000063   1d03     btfss   0x03, 0x2        	BTFSS	STATUS,2
000064   286f     goto    0x006f           	GOTO	_00173_DS_
000065   083e     movf    0x3e, 0x0        	MOVF	r0x1000,W
000066   3a00     xorlw   0x00             	XORLW	0x00
000067   1d03     btfss   0x03, 0x2        	BTFSS	STATUS,2
000068   286f     goto    0x006f           	GOTO	_00173_DS_
                                           ;	.line	124; "bingo.c"	GP0 = 0;
000069   1283     bcf     0x03, 0x5        	BANKSEL	_GPIObits
00006a   1005     bcf     0x05, 0x0        	BCF	_GPIObits,0
                                           ;	.line	125; "bingo.c"	GP1 = 1;
00006b   1485     bsf     0x05, 0x1        	BSF	_GPIObits,1
                                           ;	.line	126; "bingo.c"	GP2 = 1;
00006c   1505     bsf     0x05, 0x2        	BSF	_GPIObits,2
                                           ;	.line	127; "bingo.c"	GP4 = 0;
00006d   1205     bcf     0x05, 0x4        	BCF	_GPIObits,4
00006e   289e     goto    0x009e           	GOTO	_00193_DS_
                                           _00173_DS_:
                                           ;	.line	130; "bingo.c"	else if (numero == 7)
00006f   083d     movf    0x3d, 0x0        	MOVF	r0x1001,W
000070   3a07     xorlw   0x07             	XORLW	0x07
000071   1d03     btfss   0x03, 0x2        	BTFSS	STATUS,2
000072   287d     goto    0x007d           	GOTO	_00170_DS_
000073   083e     movf    0x3e, 0x0        	MOVF	r0x1000,W
000074   3a00     xorlw   0x00             	XORLW	0x00
000075   1d03     btfss   0x03, 0x2        	BTFSS	STATUS,2
000076   287d     goto    0x007d           	GOTO	_00170_DS_
                                           ;	.line	132; "bingo.c"	GP0 = 1;
000077   1283     bcf     0x03, 0x5        	BANKSEL	_GPIObits
000078   1405     bsf     0x05, 0x0        	BSF	_GPIObits,0
                                           ;	.line	133; "bingo.c"	GP1 = 1;
000079   1485     bsf     0x05, 0x1        	BSF	_GPIObits,1
                                           ;	.line	134; "bingo.c"	GP2 = 1;
00007a   1505     bsf     0x05, 0x2        	BSF	_GPIObits,2
                                           ;	.line	135; "bingo.c"	GP4 = 0;
00007b   1205     bcf     0x05, 0x4        	BCF	_GPIObits,4
00007c   289e     goto    0x009e           	GOTO	_00193_DS_
                                           _00170_DS_:
                                           ;	.line	138; "bingo.c"	else if (numero == 8)
00007d   083d     movf    0x3d, 0x0        	MOVF	r0x1001,W
00007e   3a08     xorlw   0x08             	XORLW	0x08
00007f   1d03     btfss   0x03, 0x2        	BTFSS	STATUS,2
000080   288b     goto    0x008b           	GOTO	_00167_DS_
000081   083e     movf    0x3e, 0x0        	MOVF	r0x1000,W
000082   3a00     xorlw   0x00             	XORLW	0x00
000083   1d03     btfss   0x03, 0x2        	BTFSS	STATUS,2
000084   288b     goto    0x008b           	GOTO	_00167_DS_
                                           ;	.line	140; "bingo.c"	GP0 = 0;
000085   1283     bcf     0x03, 0x5        	BANKSEL	_GPIObits
000086   1005     bcf     0x05, 0x0        	BCF	_GPIObits,0
                                           ;	.line	141; "bingo.c"	GP1 = 0;
000087   1085     bcf     0x05, 0x1        	BCF	_GPIObits,1
                                           ;	.line	142; "bingo.c"	GP2 = 0;
000088   1105     bcf     0x05, 0x2        	BCF	_GPIObits,2
                                           ;	.line	143; "bingo.c"	GP4 = 1;
000089   1605     bsf     0x05, 0x4        	BSF	_GPIObits,4
00008a   289e     goto    0x009e           	GOTO	_00193_DS_
                                           _00167_DS_:
                                           ;	.line	146; "bingo.c"	else if (numero == 9)
00008b   083d     movf    0x3d, 0x0        	MOVF	r0x1001,W
00008c   3a09     xorlw   0x09             	XORLW	0x09
00008d   1d03     btfss   0x03, 0x2        	BTFSS	STATUS,2
00008e   2899     goto    0x0099           	GOTO	_00164_DS_
00008f   083e     movf    0x3e, 0x0        	MOVF	r0x1000,W
000090   3a00     xorlw   0x00             	XORLW	0x00
000091   1d03     btfss   0x03, 0x2        	BTFSS	STATUS,2
000092   2899     goto    0x0099           	GOTO	_00164_DS_
                                           ;	.line	148; "bingo.c"	GP0 = 1;
000093   1283     bcf     0x03, 0x5        	BANKSEL	_GPIObits
000094   1405     bsf     0x05, 0x0        	BSF	_GPIObits,0
                                           ;	.line	149; "bingo.c"	GP1 = 0;
000095   1085     bcf     0x05, 0x1        	BCF	_GPIObits,1
                                           ;	.line	150; "bingo.c"	GP2 = 0;
000096   1105     bcf     0x05, 0x2        	BCF	_GPIObits,2
                                           ;	.line	151; "bingo.c"	GP4 = 1;
000097   1605     bsf     0x05, 0x4        	BSF	_GPIObits,4
000098   289e     goto    0x009e           	GOTO	_00193_DS_
                                           _00164_DS_:
                                           ;	.line	156; "bingo.c"	GP0 = 1;
000099   1283     bcf     0x03, 0x5        	BANKSEL	_GPIObits
00009a   1405     bsf     0x05, 0x0        	BSF	_GPIObits,0
                                           ;	.line	157; "bingo.c"	GP1 = 1;
00009b   1485     bsf     0x05, 0x1        	BSF	_GPIObits,1
                                           ;	.line	158; "bingo.c"	GP2 = 1;
00009c   1505     bsf     0x05, 0x2        	BSF	_GPIObits,2
                                           ;	.line	159; "bingo.c"	GP4 = 1;
00009d   1605     bsf     0x05, 0x4        	BSF	_GPIObits,4
                                           _00193_DS_:
                                           ;	.line	161; "bingo.c"	}
00009e   0008     return                   	RETURN	
                                           ; exit point of _desplegar_numero
                                           
                                           ;***
                                           ;  pBlock Stats: dbName = C
                                           ;***
                                           ;has an exit
                                           ;9 compiler assigned registers:
                                           ;   r0x1005
                                           ;   STK00
                                           ;   r0x1006
                                           ;   r0x1007
                                           ;   r0x1008
                                           ;   r0x1009
                                           ;   r0x100A
                                           ;   r0x100B
                                           ;   r0x100C
                                           ;; Starting pCode block
                                           S_bingo__delay	code
                                           _delay:
                                           ; 2 exit points
                                           ;	.line	60; "bingo.c"	void delay(unsigned int tiempo)
0001b0   00b6     movwf   0x36             	MOVWF	r0x1005
0001b1   082f     movf    0x2f, 0x0        	MOVF	STK00,W
0001b2   00b5     movwf   0x35             	MOVWF	r0x1006
                                           ;	.line	65; "bingo.c"	for(i=0;i<tiempo;i++)
0001b3   01b7     clrf    0x37             	CLRF	r0x1007
0001b4   01b8     clrf    0x38             	CLRF	r0x1008
                                           _00137_DS_:
0001b5   0836     movf    0x36, 0x0        	MOVF	r0x1005,W
0001b6   0238     subwf   0x38, 0x0        	SUBWF	r0x1008,W
0001b7   1d03     btfss   0x03, 0x2        	BTFSS	STATUS,2
0001b8   29bb     goto    0x01bb           	GOTO	_00158_DS_
0001b9   0835     movf    0x35, 0x0        	MOVF	r0x1006,W
0001ba   0237     subwf   0x37, 0x0        	SUBWF	r0x1007,W
                                           _00158_DS_:
0001bb   1803     btfsc   0x03, 0x0        	BTFSC	STATUS,0
0001bc   29d6     goto    0x01d6           	GOTO	_00139_DS_
                                           ;;genSkipc:3307: created from rifx:0x7ffd7735f6d0
                                           ;	.line	66; "bingo.c"	for(j=0;j<1275;j++);
0001bd   30fb     movlw   0xfb             	MOVLW	0xfb
0001be   00b9     movwf   0x39             	MOVWF	r0x1009
0001bf   3004     movlw   0x04             	MOVLW	0x04
0001c0   00ba     movwf   0x3a             	MOVWF	r0x100A
                                           _00135_DS_:
0001c1   30ff     movlw   0xff             	MOVLW	0xff
0001c2   0739     addwf   0x39, 0x0        	ADDWF	r0x1009,W
0001c3   00bb     movwf   0x3b             	MOVWF	r0x100B
0001c4   30ff     movlw   0xff             	MOVLW	0xff
0001c5   00bc     movwf   0x3c             	MOVWF	r0x100C
0001c6   083a     movf    0x3a, 0x0        	MOVF	r0x100A,W
0001c7   1803     btfsc   0x03, 0x0        	BTFSC	STATUS,0
0001c8   0f3a     incfsz  0x3a, 0x0        	INCFSZ	r0x100A,W
0001c9   07bc     addwf   0x3c, 0x1        	ADDWF	r0x100C,F
0001ca   083b     movf    0x3b, 0x0        	MOVF	r0x100B,W
0001cb   00b9     movwf   0x39             	MOVWF	r0x1009
0001cc   083c     movf    0x3c, 0x0        	MOVF	r0x100C,W
0001cd   00ba     movwf   0x3a             	MOVWF	r0x100A
0001ce   083c     movf    0x3c, 0x0        	MOVF	r0x100C,W
0001cf   043b     iorwf   0x3b, 0x0        	IORWF	r0x100B,W
0001d0   1d03     btfss   0x03, 0x2        	BTFSS	STATUS,2
0001d1   29c1     goto    0x01c1           	GOTO	_00135_DS_
                                           ;	.line	65; "bingo.c"	for(i=0;i<tiempo;i++)
0001d2   0ab7     incf    0x37, 0x1        	INCF	r0x1007,F
0001d3   1903     btfsc   0x03, 0x2        	BTFSC	STATUS,2
0001d4   0ab8     incf    0x38, 0x1        	INCF	r0x1008,F
0001d5   29b5     goto    0x01b5           	GOTO	_00137_DS_
                                           _00139_DS_:
                                           ;	.line	67; "bingo.c"	}
0001d6   0008     return                   	RETURN	
                                           ; exit point of _delay
                                           
                                           
                                           ;	code size estimation:
                                           ;	  242+   27 =   269 instructions (  592 byte)
                                           
                                           	end
